main.c:83:5:__io_putchar	16	static
main.c:91:6:HAL_GPIO_EXTI_Callback	64	static
main.c:118:6:delay_us	16	static
main.c:125:6:SR04_read	56	static
main.c:171:5:main	56	static
main.c:256:6:SystemClock_Config	72	static
main.c:293:13:MX_TIM2_Init	64	static
main.c:352:13:MX_TIM3_Init	32	static
main.c:397:13:MX_TIM4_Init	32	static
main.c:442:13:MX_USART2_UART_Init	8	static
main.c:475:13:MX_GPIO_Init	40	static
main.c:524:6:StartDefaultTask	16	static
main.c:538:6:StartMotorTask	80	static
main.c:583:6:Error_Handler	4	static
